[2017-12-21 02:16:58,258: INFO/Worker-1] Starting XBlockCaches update for course_key: course-v1:Tetco+C10+Tl-10
[2017-12-21 02:16:58,277: INFO/Worker-1] Creating XBlockCache with usage_key: block-v1:Tetco+C10+Tl-10+type@sequential+block@53c12dc49d9d46a6b47c7263d3addd43
[2017-12-21 02:16:58,290: INFO/Worker-1] Ending XBlockCaches update for course_key: course-v1:Tetco+C10+Tl-10
[2017-12-21 02:16:58,291: INFO/MainProcess] Task openedx.core.djangoapps.bookmarks.tasks.update_xblock_cache[172943c3-b656-4970-9a59-41d2a2d3232f] succeeded in 0.0330419249949s: None
[2017-12-21 02:17:06,542: INFO/MainProcess] Received task: openedx.core.djangoapps.content.course_structures.tasks.update_course_structure[030ee84b-dd19-42c4-ad0c-0e8debcefe71]
[2017-12-21 02:17:06,567: INFO/MainProcess] Received task: openedx.core.djangoapps.bookmarks.tasks.update_xblock_cache[00319cea-6983-49da-8899-9d3946b582fa]
[2017-12-21 02:17:06,618: INFO/MainProcess] Task openedx.core.djangoapps.content.course_structures.tasks.update_course_structure[030ee84b-dd19-42c4-ad0c-0e8debcefe71] succeeded in 0.0743245320045s: None
[2017-12-21 02:17:06,619: INFO/Worker-1] Starting XBlockCaches update for course_key: course-v1:Tetco+C10+Tl-10
[2017-12-21 02:17:06,638: INFO/Worker-1] Updating XBlockCache with usage_key: block-v1:Tetco+C10+Tl-10+type@sequential+block@53c12dc49d9d46a6b47c7263d3addd43
[2017-12-21 02:17:06,651: INFO/Worker-1] Ending XBlockCaches update for course_key: course-v1:Tetco+C10+Tl-10
[2017-12-21 02:17:06,652: INFO/MainProcess] Task openedx.core.djangoapps.bookmarks.tasks.update_xblock_cache[00319cea-6983-49da-8899-9d3946b582fa] succeeded in 0.0328309230099s: None
[2017-12-21 02:17:48,674: INFO/MainProcess] Received task: openedx.core.djangoapps.content.course_structures.tasks.update_course_structure[cd5a79e0-b2e1-41a0-9e69-b50824a79b02]
[2017-12-21 02:17:48,696: INFO/MainProcess] Received task: openedx.core.djangoapps.bookmarks.tasks.update_xblock_cache[ec8bdec4-2a59-461a-bbe0-afe18af1b8b8]
[2017-12-21 02:17:48,776: INFO/MainProcess] Task openedx.core.djangoapps.content.course_structures.tasks.update_course_structure[cd5a79e0-b2e1-41a0-9e69-b50824a79b02] succeeded in 0.100892393006s: None
[2017-12-21 02:17:48,777: INFO/Worker-1] Starting XBlockCaches update for course_key: course-v1:Tetco+C10+Tl-10
[2017-12-21 02:17:48,798: INFO/Worker-1] Updating XBlockCache with usage_key: block-v1:Tetco+C10+Tl-10+type@sequential+block@53c12dc49d9d46a6b47c7263d3addd43
[2017-12-21 02:17:48,810: INFO/Worker-1] Creating XBlockCache with usage_key: block-v1:Tetco+C10+Tl-10+type@vertical+block@8a109d34714d4084804d7df71d2dd618
[2017-12-21 02:17:48,822: INFO/Worker-1] Ending XBlockCaches update for course_key: course-v1:Tetco+C10+Tl-10
[2017-12-21 02:17:48,823: INFO/MainProcess] Task openedx.core.djangoapps.bookmarks.tasks.update_xblock_cache[ec8bdec4-2a59-461a-bbe0-afe18af1b8b8] succeeded in 0.0459750529844s: None
[2017-12-21 02:17:51,821: INFO/MainProcess] Received task: openedx.core.djangoapps.content.course_structures.tasks.update_course_structure[47a2497d-ba26-4306-b007-7692a398e588]
[2017-12-21 02:17:51,875: INFO/MainProcess] Received task: openedx.core.djangoapps.bookmarks.tasks.update_xblock_cache[e1afee9d-fdcb-49fa-9acd-0450d9815d52]
[2017-12-21 02:17:51,924: INFO/MainProcess] Task openedx.core.djangoapps.content.course_structures.tasks.update_course_structure[47a2497d-ba26-4306-b007-7692a398e588] succeeded in 0.102018903999s: None
[2017-12-21 02:17:51,925: INFO/Worker-1] Starting XBlockCaches update for course_key: course-v1:Tetco+C10+Tl-10
[2017-12-21 02:17:51,947: INFO/Worker-1] Creating XBlockCache with usage_key: block-v1:Tetco+C10+Tl-10+type@chapter+block@80ecd0f9dad143e49440fa5045a89a9d
[2017-12-21 02:17:51,959: INFO/Worker-1] Ending XBlockCaches update for course_key: course-v1:Tetco+C10+Tl-10
[2017-12-21 02:17:51,961: INFO/MainProcess] Task openedx.core.djangoapps.bookmarks.tasks.update_xblock_cache[e1afee9d-fdcb-49fa-9acd-0450d9815d52] succeeded in 0.0359179539955s: None
[2017-12-21 02:18:05,616: INFO/MainProcess] Received task: openedx.core.djangoapps.content.course_structures.tasks.update_course_structure[8ed643dd-050d-40d1-970b-1ec26309ac3e]
[2017-12-21 02:18:05,652: INFO/MainProcess] Received task: openedx.core.djangoapps.bookmarks.tasks.update_xblock_cache[ca20701b-8fe8-4f26-96f4-2b545c026306]
[2017-12-21 02:18:05,704: INFO/MainProcess] Task openedx.core.djangoapps.content.course_structures.tasks.update_course_structure[8ed643dd-050d-40d1-970b-1ec26309ac3e] succeeded in 0.0872693590063s: None
[2017-12-21 02:18:05,705: INFO/Worker-1] Starting XBlockCaches update for course_key: course-v1:Tetco+C10+Tl-10
[2017-12-21 02:18:05,725: INFO/Worker-1] Updating XBlockCache with usage_key: block-v1:Tetco+C10+Tl-10+type@chapter+block@80ecd0f9dad143e49440fa5045a89a9d
[2017-12-21 02:18:05,737: INFO/Worker-1] Ending XBlockCaches update for course_key: course-v1:Tetco+C10+Tl-10
[2017-12-21 02:18:05,738: INFO/MainProcess] Task openedx.core.djangoapps.bookmarks.tasks.update_xblock_cache[ca20701b-8fe8-4f26-96f4-2b545c026306] succeeded in 0.0330661249754s: None
[2017-12-21 02:18:06,963: INFO/MainProcess] Received task: openedx.core.djangoapps.content.course_structures.tasks.update_course_structure[08fafa01-40ad-4f6c-8793-51fb2e98229f]
[2017-12-21 02:18:06,989: INFO/MainProcess] Received task: openedx.core.djangoapps.bookmarks.tasks.update_xblock_cache[2482d88a-2304-4983-acfd-a14077a12623]
[2017-12-21 02:18:07,038: INFO/MainProcess] Task openedx.core.djangoapps.content.course_structures.tasks.update_course_structure[08fafa01-40ad-4f6c-8793-51fb2e98229f] succeeded in 0.072771615989s: None
[2017-12-21 02:18:07,040: INFO/Worker-1] Starting XBlockCaches update for course_key: course-v1:Tetco+C10+Tl-10
[2017-12-21 02:18:07,061: INFO/Worker-1] Creating XBlockCache with usage_key: block-v1:Tetco+C10+Tl-10+type@sequential+block@782da93dc98541d5828f9211469c884c
[2017-12-21 02:18:07,075: INFO/Worker-1] Ending XBlockCaches update for course_key: course-v1:Tetco+C10+Tl-10
[2017-12-21 02:18:07,076: INFO/MainProcess] Task openedx.core.djangoapps.bookmarks.tasks.update_xblock_cache[2482d88a-2304-4983-acfd-a14077a12623] succeeded in 0.0359312540095s: None
[2017-12-21 02:18:42,270: INFO/MainProcess] Received task: openedx.core.djangoapps.content.course_structures.tasks.update_course_structure[cdee8dcf-28fc-4010-8b33-f4cc04ff0304]
[2017-12-21 02:18:42,304: INFO/MainProcess] Received task: openedx.core.djangoapps.bookmarks.tasks.update_xblock_cache[aca8f231-2a6f-423f-8b51-c33bb0d25299]
[2017-12-21 02:18:42,383: INFO/MainProcess] Task openedx.core.djangoapps.content.course_structures.tasks.update_course_structure[cdee8dcf-28fc-4010-8b33-f4cc04ff0304] succeeded in 0.111607698025s: None
[2017-12-21 02:18:42,384: INFO/Worker-1] Starting XBlockCaches update for course_key: course-v1:Tetco+C10+Tl-10
[2017-12-21 02:18:42,405: INFO/Worker-1] Updating XBlockCache with usage_key: block-v1:Tetco+C10+Tl-10+type@sequential+block@782da93dc98541d5828f9211469c884c
[2017-12-21 02:18:42,418: INFO/Worker-1] Ending XBlockCaches update for course_key: course-v1:Tetco+C10+Tl-10
[2017-12-21 02:18:42,419: INFO/MainProcess] Task openedx.core.djangoapps.bookmarks.tasks.update_xblock_cache[aca8f231-2a6f-423f-8b51-c33bb0d25299] succeeded in 0.0354398490163s: None
[2017-12-21 02:19:02,897: INFO/MainProcess] Received task: openedx.core.djangoapps.content.course_structures.tasks.update_course_structure[5b9068bb-7936-4887-aaee-9d90d37a7bb9]
[2017-12-21 02:19:02,923: INFO/MainProcess] Received task: openedx.core.djangoapps.bookmarks.tasks.update_xblock_cache[c3a5b8e2-74b0-44cf-bde6-bf0eb2d2db29]
[2017-12-21 02:19:03,003: INFO/MainProcess] Task openedx.core.djangoapps.content.course_structures.tasks.update_course_structure[5b9068bb-7936-4887-aaee-9d90d37a7bb9] succeeded in 0.104998133s: None
[2017-12-21 02:19:03,004: INFO/Worker-1] Starting XBlockCaches update for course_key: course-v1:Tetco+C10+Tl-10
[2017-12-21 02:19:03,029: INFO/Worker-1] Creating XBlockCache with usage_key: block-v1:Tetco+C10+Tl-10+type@vertical+block@413d9b3da04148feb877e6c331dfc5d9
[2017-12-21 02:19:03,044: INFO/Worker-1] Creating XBlockCache with usage_key: block-v1:Tetco+C10+Tl-10+type@sequential+block@3d721174e21b4f4f9b5226e0af07f950
[2017-12-21 02:19:03,055: INFO/Worker-1] Ending XBlockCaches update for course_key: course-v1:Tetco+C10+Tl-10
[2017-12-21 02:19:03,056: INFO/MainProcess] Task openedx.core.djangoapps.bookmarks.tasks.update_xblock_cache[c3a5b8e2-74b0-44cf-bde6-bf0eb2d2db29] succeeded in 0.052343015006s: None
[2017-12-21 02:19:17,867: INFO/MainProcess] Received task: openedx.core.djangoapps.content.course_structures.tasks.update_course_structure[e12de143-6968-430c-be55-f46711fef99f]
[2017-12-21 02:19:17,916: INFO/MainProcess] Received task: openedx.core.djangoapps.bookmarks.tasks.update_xblock_cache[8c970f68-8443-49aa-9d66-3e47a01cbff5]
[2017-12-21 02:19:17,960: INFO/MainProcess] Task openedx.core.djangoapps.content.course_structures.tasks.update_course_structure[e12de143-6968-430c-be55-f46711fef99f] succeeded in 0.0919461050071s: None
[2017-12-21 02:19:17,961: INFO/Worker-1] Starting XBlockCaches update for course_key: course-v1:Tetco+C10+Tl-10
[2017-12-21 02:19:17,984: INFO/Worker-1] Updating XBlockCache with usage_key: block-v1:Tetco+C10+Tl-10+type@sequential+block@3d721174e21b4f4f9b5226e0af07f950
[2017-12-21 02:19:17,995: INFO/Worker-1] Ending XBlockCaches update for course_key: course-v1:Tetco+C10+Tl-10
[2017-12-21 02:19:17,996: INFO/MainProcess] Task openedx.core.djangoapps.bookmarks.tasks.update_xblock_cache[8c970f68-8443-49aa-9d66-3e47a01cbff5] succeeded in 0.0351921470137s: None
[2017-12-23 03:20:01,096: INFO/MainProcess] Received task: openedx.core.djangoapps.content.course_structures.tasks.update_course_structure[0ff247bc-7089-49a7-b221-ceaa03529263]
[2017-12-23 03:20:01,124: INFO/MainProcess] Received task: openedx.core.djangoapps.bookmarks.tasks.update_xblock_cache[97297415-89a6-4426-944c-257ccca6ade7]
[2017-12-23 03:20:01,183: INFO/MainProcess] Task openedx.core.djangoapps.content.course_structures.tasks.update_course_structure[0ff247bc-7089-49a7-b221-ceaa03529263] succeeded in 0.0859794479911s: None
[2017-12-23 03:20:01,185: INFO/Worker-1] Starting XBlockCaches update for course_key: course-v1:Tetco+C10+Tl-10
[2017-12-23 03:20:01,209: INFO/Worker-1] Creating XBlockCache with usage_key: block-v1:Tetco+C10+Tl-10+type@video+block@d66049be73d4494a8555a5cdfe546c49
[2017-12-23 03:20:01,221: INFO/Worker-1] Ending XBlockCaches update for course_key: course-v1:Tetco+C10+Tl-10
[2017-12-23 03:20:01,222: INFO/MainProcess] Task openedx.core.djangoapps.bookmarks.tasks.update_xblock_cache[97297415-89a6-4426-944c-257ccca6ade7] succeeded in 0.0383704780252s: None

worker: Warm shutdown (MainProcess)
2017-12-25 05:52:01,357 WARNING 20949 [py.warnings] base.py:116 - /edx/app/edxapp/edx-platform/openedx/core/djangoapps/schedules/models.py:9: RemovedInDjango19Warning: Model class openedx.core.djangoapps.schedules.models.Schedule doesn't declare an explicit app_label and either isn't in an application in INSTALLED_APPS or else was imported before its application was loaded. This will no longer be supported in Django 1.9.
  class Schedule(TimeStampedModel):

2017-12-25 05:52:01,388 WARNING 20949 [py.warnings] base.py:116 - /edx/app/edxapp/edx-platform/openedx/core/djangoapps/schedules/models.py:31: RemovedInDjango19Warning: Model class openedx.core.djangoapps.schedules.models.ScheduleConfig doesn't declare an explicit app_label and either isn't in an application in INSTALLED_APPS or else was imported before its application was loaded. This will no longer be supported in Django 1.9.
  class ScheduleConfig(ConfigurationModel):

2017-12-25 05:52:10,452 WARNING 20949 [py.warnings] base.py:116 - /edx/app/edxapp/edx-platform/lms/djangoapps/survey/models.py:20: RemovedInDjango19Warning: Model class survey.models.SurveyForm doesn't declare an explicit app_label and either isn't in an application in INSTALLED_APPS or else was imported before its application was loaded. This will no longer be supported in Django 1.9.
  class SurveyForm(TimeStampedModel):

2017-12-25 05:52:10,454 WARNING 20949 [py.warnings] base.py:116 - /edx/app/edxapp/edx-platform/lms/djangoapps/survey/models.py:160: RemovedInDjango19Warning: Model class survey.models.SurveyAnswer doesn't declare an explicit app_label and either isn't in an application in INSTALLED_APPS or else was imported before its application was loaded. This will no longer be supported in Django 1.9.
  class SurveyAnswer(TimeStampedModel):

2017-12-25 05:52:16,608 INFO 20949 [dd.dogapi] dog_stats_api.py:66 - Initializing dog api to use statsd: localhost, 8125
[2017-12-25 05:52:17,797: WARNING/MainProcess] /edx/app/edxapp/venvs/edxapp/local/lib/python2.7/site-packages/celery/apps/worker.py:161: CDeprecationWarning: 
Starting from version 3.2 Celery will refuse to accept pickle by default.

The pickle serializer is a security concern as it may give attackers
the ability to execute any command.  It's important to secure
your broker from unauthorized access when using pickle, so we think
that enabling pickle should require a deliberate action and not be
the default choice.

If you depend on pickle then you should set a setting to disable this
warning and to be sure that everything will continue working
when you upgrade to Celery 3.2::

    CELERY_ACCEPT_CONTENT = ['pickle', 'json', 'msgpack', 'yaml']

You must only enable the serializers that you will actually use.


  warnings.warn(CDeprecationWarning(W_PICKLE_DEPRECATED))

[2017-12-25 05:52:17,812: INFO/MainProcess] Connected to amqp://celery:**@127.0.0.1:5672//
[2017-12-25 05:52:17,820: INFO/MainProcess] mingle: searching for neighbors
[2017-12-25 05:52:18,843: INFO/MainProcess] mingle: sync with 3 nodes
[2017-12-25 05:52:18,844: INFO/MainProcess] mingle: sync complete
[2017-12-25 05:52:18,871: WARNING/MainProcess] celery@edx.cms.core.default.tatweer02 ready.
[2017-12-25 05:52:19,048: WARNING/MainProcess] Substantial drift from celery@tatweer02 may mean clocks are out of sync.  Current drift is
14400 seconds.  [orig: 2017-12-25 05:52:19.048166 recv: 2017-12-25 09:52:19.043554]

[2017-12-25 05:52:29,683: INFO/MainProcess] Received task: openedx.core.djangoapps.content.course_structures.tasks.update_course_structure[af0335e1-984a-483c-93ac-67ebfec3fb74]
[2017-12-25 05:52:29,712: INFO/MainProcess] Received task: openedx.core.djangoapps.bookmarks.tasks.update_xblock_cache[3979a478-bc2d-4886-bd85-09a14b4d73e8]
[2017-12-25 05:52:29,851: INFO/MainProcess] Task openedx.core.djangoapps.content.course_structures.tasks.update_course_structure[af0335e1-984a-483c-93ac-67ebfec3fb74] succeeded in 0.166671438958s: None
[2017-12-25 05:52:29,853: INFO/Worker-1] Starting XBlockCaches update for course_key: course-v1:Tetco+C10+Tl-10
[2017-12-25 05:52:29,880: INFO/Worker-1] Ending XBlockCaches update for course_key: course-v1:Tetco+C10+Tl-10
[2017-12-25 05:52:29,881: INFO/MainProcess] Task openedx.core.djangoapps.bookmarks.tasks.update_xblock_cache[3979a478-bc2d-4886-bd85-09a14b4d73e8] succeeded in 0.0287043819553s: None
[2017-12-25 05:53:39,142: INFO/MainProcess] Received task: openedx.core.djangoapps.content.course_structures.tasks.update_course_structure[329c021e-666e-4685-bb6f-eec38ebccdce]
[2017-12-25 05:53:39,182: INFO/MainProcess] Received task: openedx.core.djangoapps.bookmarks.tasks.update_xblock_cache[5095e7c8-75f3-47f2-9b72-8075f1112921]
[2017-12-25 05:53:39,258: INFO/MainProcess] Task openedx.core.djangoapps.content.course_structures.tasks.update_course_structure[329c021e-666e-4685-bb6f-eec38ebccdce] succeeded in 0.114700526989s: None
[2017-12-25 05:53:39,259: INFO/Worker-1] Starting XBlockCaches update for course_key: course-v1:tetco+t1+T_1
[2017-12-25 05:53:39,297: INFO/Worker-1] Ending XBlockCaches update for course_key: course-v1:tetco+t1+T_1
[2017-12-25 05:53:39,298: INFO/MainProcess] Task openedx.core.djangoapps.bookmarks.tasks.update_xblock_cache[5095e7c8-75f3-47f2-9b72-8075f1112921] succeeded in 0.0400205929764s: None

worker: Warm shutdown (MainProcess)
2017-12-25 07:07:48,183 WARNING 81843 [py.warnings] base.py:116 - /edx/app/edxapp/edx-platform/openedx/core/djangoapps/schedules/models.py:9: RemovedInDjango19Warning: Model class openedx.core.djangoapps.schedules.models.Schedule doesn't declare an explicit app_label and either isn't in an application in INSTALLED_APPS or else was imported before its application was loaded. This will no longer be supported in Django 1.9.
  class Schedule(TimeStampedModel):

2017-12-25 07:07:48,184 WARNING 81843 [py.warnings] base.py:116 - /edx/app/edxapp/edx-platform/openedx/core/djangoapps/schedules/models.py:31: RemovedInDjango19Warning: Model class openedx.core.djangoapps.schedules.models.ScheduleConfig doesn't declare an explicit app_label and either isn't in an application in INSTALLED_APPS or else was imported before its application was loaded. This will no longer be supported in Django 1.9.
  class ScheduleConfig(ConfigurationModel):

2017-12-25 07:07:57,632 WARNING 81843 [py.warnings] base.py:116 - /edx/app/edxapp/edx-platform/lms/djangoapps/survey/models.py:20: RemovedInDjango19Warning: Model class survey.models.SurveyForm doesn't declare an explicit app_label and either isn't in an application in INSTALLED_APPS or else was imported before its application was loaded. This will no longer be supported in Django 1.9.
  class SurveyForm(TimeStampedModel):

2017-12-25 07:07:57,655 WARNING 81843 [py.warnings] base.py:116 - /edx/app/edxapp/edx-platform/lms/djangoapps/survey/models.py:160: RemovedInDjango19Warning: Model class survey.models.SurveyAnswer doesn't declare an explicit app_label and either isn't in an application in INSTALLED_APPS or else was imported before its application was loaded. This will no longer be supported in Django 1.9.
  class SurveyAnswer(TimeStampedModel):

2017-12-25 07:08:03,652 INFO 81843 [dd.dogapi] dog_stats_api.py:66 - Initializing dog api to use statsd: localhost, 8125
[2017-12-25 07:08:04,248: WARNING/MainProcess] /edx/app/edxapp/venvs/edxapp/local/lib/python2.7/site-packages/celery/apps/worker.py:161: CDeprecationWarning: 
Starting from version 3.2 Celery will refuse to accept pickle by default.

The pickle serializer is a security concern as it may give attackers
the ability to execute any command.  It's important to secure
your broker from unauthorized access when using pickle, so we think
that enabling pickle should require a deliberate action and not be
the default choice.

If you depend on pickle then you should set a setting to disable this
warning and to be sure that everything will continue working
when you upgrade to Celery 3.2::

    CELERY_ACCEPT_CONTENT = ['pickle', 'json', 'msgpack', 'yaml']

You must only enable the serializers that you will actually use.


  warnings.warn(CDeprecationWarning(W_PICKLE_DEPRECATED))

[2017-12-25 07:08:04,263: INFO/MainProcess] Connected to amqp://celery:**@127.0.0.1:5672//
[2017-12-25 07:08:04,272: INFO/MainProcess] mingle: searching for neighbors
[2017-12-25 07:08:05,288: INFO/MainProcess] mingle: sync with 3 nodes
[2017-12-25 07:08:05,290: INFO/MainProcess] mingle: sync complete
[2017-12-25 07:08:05,304: WARNING/MainProcess] celery@edx.cms.core.default.tatweer02 ready.
[2017-12-25 07:08:05,451: WARNING/MainProcess] Substantial drift from celery@tatweer02 may mean clocks are out of sync.  Current drift is
14400 seconds.  [orig: 2017-12-25 07:08:05.450960 recv: 2017-12-25 11:08:05.448046]


worker: Warm shutdown (MainProcess)
2017-12-25 10:24:53,411 WARNING 1623 [py.warnings] base.py:116 - /edx/app/edxapp/edx-platform/openedx/core/djangoapps/schedules/models.py:9: RemovedInDjango19Warning: Model class openedx.core.djangoapps.schedules.models.Schedule doesn't declare an explicit app_label and either isn't in an application in INSTALLED_APPS or else was imported before its application was loaded. This will no longer be supported in Django 1.9.
  class Schedule(TimeStampedModel):

2017-12-25 10:24:53,421 WARNING 1623 [py.warnings] base.py:116 - /edx/app/edxapp/edx-platform/openedx/core/djangoapps/schedules/models.py:31: RemovedInDjango19Warning: Model class openedx.core.djangoapps.schedules.models.ScheduleConfig doesn't declare an explicit app_label and either isn't in an application in INSTALLED_APPS or else was imported before its application was loaded. This will no longer be supported in Django 1.9.
  class ScheduleConfig(ConfigurationModel):

2017-12-25 10:25:05,609 WARNING 1623 [py.warnings] base.py:116 - /edx/app/edxapp/edx-platform/lms/djangoapps/survey/models.py:20: RemovedInDjango19Warning: Model class survey.models.SurveyForm doesn't declare an explicit app_label and either isn't in an application in INSTALLED_APPS or else was imported before its application was loaded. This will no longer be supported in Django 1.9.
  class SurveyForm(TimeStampedModel):

2017-12-25 10:25:05,623 WARNING 1623 [py.warnings] base.py:116 - /edx/app/edxapp/edx-platform/lms/djangoapps/survey/models.py:160: RemovedInDjango19Warning: Model class survey.models.SurveyAnswer doesn't declare an explicit app_label and either isn't in an application in INSTALLED_APPS or else was imported before its application was loaded. This will no longer be supported in Django 1.9.
  class SurveyAnswer(TimeStampedModel):

2017-12-25 10:25:13,299 INFO 1623 [dd.dogapi] dog_stats_api.py:66 - Initializing dog api to use statsd: localhost, 8125
[2017-12-25 10:25:14,498: WARNING/MainProcess] /edx/app/edxapp/venvs/edxapp/local/lib/python2.7/site-packages/celery/apps/worker.py:161: CDeprecationWarning: 
Starting from version 3.2 Celery will refuse to accept pickle by default.

The pickle serializer is a security concern as it may give attackers
the ability to execute any command.  It's important to secure
your broker from unauthorized access when using pickle, so we think
that enabling pickle should require a deliberate action and not be
the default choice.

If you depend on pickle then you should set a setting to disable this
warning and to be sure that everything will continue working
when you upgrade to Celery 3.2::

    CELERY_ACCEPT_CONTENT = ['pickle', 'json', 'msgpack', 'yaml']

You must only enable the serializers that you will actually use.


  warnings.warn(CDeprecationWarning(W_PICKLE_DEPRECATED))

[2017-12-25 10:25:14,528: INFO/MainProcess] Connected to amqp://celery:**@127.0.0.1:5672//
[2017-12-25 10:25:14,538: INFO/MainProcess] mingle: searching for neighbors
[2017-12-25 10:25:15,551: INFO/MainProcess] mingle: sync with 1 nodes
[2017-12-25 10:25:15,552: INFO/MainProcess] mingle: sync complete
[2017-12-25 10:25:15,573: WARNING/MainProcess] celery@edx.cms.core.default.tatweer02 ready.
[2017-12-25 10:25:16,610: WARNING/MainProcess] Substantial drift from celery@tatweer02 may mean clocks are out of sync.  Current drift is
14400 seconds.  [orig: 2017-12-25 10:25:16.609868 recv: 2017-12-25 14:25:16.608485]

[2017-12-26 03:03:41,769: INFO/MainProcess] Received task: openedx.core.djangoapps.content.course_structures.tasks.update_course_structure[39f23f71-d6de-488d-b931-026912730fcc]
[2017-12-26 03:03:41,805: INFO/MainProcess] Received task: openedx.core.djangoapps.bookmarks.tasks.update_xblock_cache[05bb4daf-cdd9-446c-931b-1400e4dac655]
[2017-12-26 03:03:41,935: INFO/MainProcess] Task openedx.core.djangoapps.content.course_structures.tasks.update_course_structure[39f23f71-d6de-488d-b931-026912730fcc] succeeded in 0.163824267998s: None
[2017-12-26 03:03:41,936: INFO/Worker-1] Starting XBlockCaches update for course_key: course-v1:Tetco+C10+Tl-10
[2017-12-26 03:03:41,966: INFO/Worker-1] Creating XBlockCache with usage_key: block-v1:Tetco+C10+Tl-10+type@chapter+block@ff0d646d62b64da3b34c3e4e00b1b6bf
[2017-12-26 03:03:41,978: INFO/Worker-1] Ending XBlockCaches update for course_key: course-v1:Tetco+C10+Tl-10
[2017-12-26 03:03:41,979: INFO/MainProcess] Task openedx.core.djangoapps.bookmarks.tasks.update_xblock_cache[05bb4daf-cdd9-446c-931b-1400e4dac655] succeeded in 0.0430950079972s: None
[2017-12-26 05:53:27,891: INFO/MainProcess] Received task: openedx.core.djangoapps.content.course_structures.tasks.update_course_structure[ab332ffd-b0d9-46d6-927e-bc89ee701231]
[2017-12-26 05:53:27,932: INFO/MainProcess] Received task: openedx.core.djangoapps.bookmarks.tasks.update_xblock_cache[c09c23f5-b9b5-47be-b3c7-313d199c6841]
[2017-12-26 05:53:27,935: INFO/MainProcess] Task openedx.core.djangoapps.content.course_structures.tasks.update_course_structure[ab332ffd-b0d9-46d6-927e-bc89ee701231] succeeded in 0.0426300060062s: None
[2017-12-26 05:53:27,936: INFO/Worker-1] Starting XBlockCaches update for course_key: course-v1:edx+t1+T_01
[2017-12-26 05:53:27,947: INFO/Worker-1] Creating XBlockCache with usage_key: block-v1:edx+t1+T_01+type@course+block@course
[2017-12-26 05:53:27,982: INFO/Worker-1] Ending XBlockCaches update for course_key: course-v1:edx+t1+T_01
[2017-12-26 05:53:27,983: INFO/MainProcess] Task openedx.core.djangoapps.bookmarks.tasks.update_xblock_cache[c09c23f5-b9b5-47be-b3c7-313d199c6841] succeeded in 0.0477326429973s: None
[2017-12-26 05:54:02,474: INFO/MainProcess] Received task: openedx.core.djangoapps.content.course_structures.tasks.update_course_structure[b0dafc93-1c9f-48c4-8e8b-ca36136f9469]
[2017-12-26 05:54:02,527: INFO/MainProcess] Received task: openedx.core.djangoapps.bookmarks.tasks.update_xblock_cache[88aeb890-ca6d-4841-8ae3-402346aaee1b]
[2017-12-26 05:54:02,674: INFO/MainProcess] Task openedx.core.djangoapps.content.course_structures.tasks.update_course_structure[b0dafc93-1c9f-48c4-8e8b-ca36136f9469] succeeded in 0.198136324005s: None
[2017-12-26 05:54:02,676: INFO/Worker-1] Starting XBlockCaches update for course_key: course-v1:edx+t1+T_01
[2017-12-26 05:54:02,685: INFO/Worker-1] Creating XBlockCache with usage_key: block-v1:edx+t1+T_01+type@chapter+block@22dd7e60f97641c5b139b514a376e0aa
[2017-12-26 05:54:02,710: INFO/Worker-1] Ending XBlockCaches update for course_key: course-v1:edx+t1+T_01
[2017-12-26 05:54:02,711: INFO/MainProcess] Task openedx.core.djangoapps.bookmarks.tasks.update_xblock_cache[88aeb890-ca6d-4841-8ae3-402346aaee1b] succeeded in 0.0365022629994s: None
[2017-12-26 05:54:04,596: INFO/MainProcess] Received task: openedx.core.djangoapps.content.course_structures.tasks.update_course_structure[e3cdcfd0-325a-41c1-9fee-e141643cda15]
[2017-12-26 05:54:04,633: INFO/MainProcess] Received task: openedx.core.djangoapps.bookmarks.tasks.update_xblock_cache[203e253a-8e35-45e7-8489-2bd0278b2198]
[2017-12-26 05:54:04,737: INFO/MainProcess] Task openedx.core.djangoapps.content.course_structures.tasks.update_course_structure[e3cdcfd0-325a-41c1-9fee-e141643cda15] succeeded in 0.139404101996s: None
[2017-12-26 05:54:04,738: INFO/Worker-1] Starting XBlockCaches update for course_key: course-v1:edx+t1+T_01
[2017-12-26 05:54:04,749: INFO/Worker-1] Creating XBlockCache with usage_key: block-v1:edx+t1+T_01+type@sequential+block@f347e2adeefd4bb48a476bb9d7aad8b3
[2017-12-26 05:54:04,761: INFO/Worker-1] Ending XBlockCaches update for course_key: course-v1:edx+t1+T_01
[2017-12-26 05:54:04,762: INFO/MainProcess] Task openedx.core.djangoapps.bookmarks.tasks.update_xblock_cache[203e253a-8e35-45e7-8489-2bd0278b2198] succeeded in 0.0245280759991s: None
[2017-12-26 05:54:34,356: INFO/MainProcess] Received task: openedx.core.djangoapps.content.course_structures.tasks.update_course_structure[0f86f7c7-0246-4818-aeb0-97c2396464ba]
[2017-12-26 05:54:34,397: INFO/MainProcess] Received task: openedx.core.djangoapps.bookmarks.tasks.update_xblock_cache[0859da73-0e40-42ac-8232-30be3f23b95a]
[2017-12-26 05:54:34,473: INFO/MainProcess] Task openedx.core.djangoapps.content.course_structures.tasks.update_course_structure[0f86f7c7-0246-4818-aeb0-97c2396464ba] succeeded in 0.115618230993s: None
[2017-12-26 05:54:34,474: INFO/Worker-1] Starting XBlockCaches update for course_key: course-v1:edx+t1+T_01
[2017-12-26 05:54:34,486: INFO/Worker-1] Creating XBlockCache with usage_key: block-v1:edx+t1+T_01+type@problem+block@6116d67ed0664cbd85e8ad8edfb0740c
[2017-12-26 05:54:34,497: INFO/Worker-1] Creating XBlockCache with usage_key: block-v1:edx+t1+T_01+type@vertical+block@f8ba3fc3bcd847b2b20c0afae2bac505
[2017-12-26 05:54:34,508: INFO/Worker-1] Ending XBlockCaches update for course_key: course-v1:edx+t1+T_01
[2017-12-26 05:54:34,508: INFO/MainProcess] Task openedx.core.djangoapps.bookmarks.tasks.update_xblock_cache[0859da73-0e40-42ac-8232-30be3f23b95a] succeeded in 0.0346160480112s: None
[2017-12-26 05:54:43,824: INFO/MainProcess] Received task: openedx.core.djangoapps.content.course_structures.tasks.update_course_structure[06efb24c-91d8-4055-a220-800b5ce90498]
[2017-12-26 05:54:43,867: INFO/MainProcess] Received task: openedx.core.djangoapps.bookmarks.tasks.update_xblock_cache[af2f6765-98f3-4fd1-b7f1-54087148a4e5]
[2017-12-26 05:54:43,970: INFO/MainProcess] Task openedx.core.djangoapps.content.course_structures.tasks.update_course_structure[06efb24c-91d8-4055-a220-800b5ce90498] succeeded in 0.143846032995s: None
[2017-12-26 05:54:43,971: INFO/Worker-1] Starting XBlockCaches update for course_key: course-v1:edx+t1+T_01
[2017-12-26 05:54:43,983: INFO/Worker-1] Ending XBlockCaches update for course_key: course-v1:edx+t1+T_01
[2017-12-26 05:54:43,985: INFO/MainProcess] Task openedx.core.djangoapps.bookmarks.tasks.update_xblock_cache[af2f6765-98f3-4fd1-b7f1-54087148a4e5] succeeded in 0.0140680010081s: None

worker: Warm shutdown (MainProcess)
2017-12-26 09:26:21,121 WARNING 60083 [py.warnings] base.py:116 - /edx/app/edxapp/edx-platform/openedx/core/djangoapps/schedules/models.py:9: RemovedInDjango19Warning: Model class openedx.core.djangoapps.schedules.models.Schedule doesn't declare an explicit app_label and either isn't in an application in INSTALLED_APPS or else was imported before its application was loaded. This will no longer be supported in Django 1.9.
  class Schedule(TimeStampedModel):

2017-12-26 09:26:21,147 WARNING 60083 [py.warnings] base.py:116 - /edx/app/edxapp/edx-platform/openedx/core/djangoapps/schedules/models.py:31: RemovedInDjango19Warning: Model class openedx.core.djangoapps.schedules.models.ScheduleConfig doesn't declare an explicit app_label and either isn't in an application in INSTALLED_APPS or else was imported before its application was loaded. This will no longer be supported in Django 1.9.
  class ScheduleConfig(ConfigurationModel):

2017-12-26 09:26:38,196 WARNING 60083 [py.warnings] base.py:116 - /edx/app/edxapp/edx-platform/lms/djangoapps/survey/models.py:20: RemovedInDjango19Warning: Model class survey.models.SurveyForm doesn't declare an explicit app_label and either isn't in an application in INSTALLED_APPS or else was imported before its application was loaded. This will no longer be supported in Django 1.9.
  class SurveyForm(TimeStampedModel):

2017-12-26 09:26:38,235 WARNING 60083 [py.warnings] base.py:116 - /edx/app/edxapp/edx-platform/lms/djangoapps/survey/models.py:160: RemovedInDjango19Warning: Model class survey.models.SurveyAnswer doesn't declare an explicit app_label and either isn't in an application in INSTALLED_APPS or else was imported before its application was loaded. This will no longer be supported in Django 1.9.
  class SurveyAnswer(TimeStampedModel):

2017-12-26 09:26:52,948 INFO 60083 [dd.dogapi] dog_stats_api.py:66 - Initializing dog api to use statsd: localhost, 8125
[2017-12-26 09:26:57,019: WARNING/MainProcess] /edx/app/edxapp/venvs/edxapp/local/lib/python2.7/site-packages/celery/apps/worker.py:161: CDeprecationWarning: 
Starting from version 3.2 Celery will refuse to accept pickle by default.

The pickle serializer is a security concern as it may give attackers
the ability to execute any command.  It's important to secure
your broker from unauthorized access when using pickle, so we think
that enabling pickle should require a deliberate action and not be
the default choice.

If you depend on pickle then you should set a setting to disable this
warning and to be sure that everything will continue working
when you upgrade to Celery 3.2::

    CELERY_ACCEPT_CONTENT = ['pickle', 'json', 'msgpack', 'yaml']

You must only enable the serializers that you will actually use.


  warnings.warn(CDeprecationWarning(W_PICKLE_DEPRECATED))

[2017-12-26 09:26:57,074: INFO/MainProcess] Connected to amqp://celery:**@127.0.0.1:5672//
[2017-12-26 09:26:57,098: INFO/MainProcess] mingle: searching for neighbors
[2017-12-26 09:26:58,108: INFO/MainProcess] mingle: sync with 1 nodes
[2017-12-26 09:26:58,109: INFO/MainProcess] mingle: sync complete
[2017-12-26 09:26:58,130: WARNING/MainProcess] celery@edx.cms.core.default.tatweer02 ready.
[2017-12-26 09:26:58,689: WARNING/MainProcess] Substantial drift from celery@tatweer02 may mean clocks are out of sync.  Current drift is
14400 seconds.  [orig: 2017-12-26 09:26:58.689521 recv: 2017-12-26 13:26:58.683537]

